// Jest Snapshot v1, https://goo.gl/fbAQLP

exports[`Location Component should render correctly 1`] = `
<Grid
  className=""
  gutter="md"
  lg={null}
  md={null}
  onMouseEnter={[Function]}
  onMouseLeave={[Function]}
  sm={null}
  span={null}
  xl={null}
>
  <GridItem
    className=""
    lg={null}
    lgOffset={null}
    lgRowSpan={null}
    md={null}
    mdOffset={null}
    mdRowSpan={null}
    offset={null}
    rowSpan={null}
    sm={null}
    smOffset={null}
    smRowSpan={null}
    span={9}
    xl={null}
    xlOffset={null}
    xlRowSpan={null}
  >
    Location 10
  </GridItem>
  <GridItem
    className=""
    lg={null}
    lgOffset={null}
    lgRowSpan={null}
    md={null}
    mdOffset={null}
    mdRowSpan={null}
    offset={null}
    rowSpan={null}
    sm={null}
    smOffset={null}
    smRowSpan={null}
    span={3}
    xl={null}
    xlOffset={null}
    xlRowSpan={null}
  >
    <Button
      aria-label={null}
      className=""
      component="button"
      isActive={false}
      isBlock={false}
      isDisabled={false}
      isFocus={false}
      isHover={false}
      onClick={[Function]}
      type="button"
      variant="link"
    >
      <TimesIcon
        color="currentColor"
        size="sm"
        title={null}
      />
    </Button>
  </GridItem>
</Grid>
`;
