// Jest Snapshot v1, https://goo.gl/fbAQLP

exports[`App should render correctly 1`] = `
<React.Fragment>
  <Memo(Connect(ConnectionManager)) />
  <Memo(Connect(Alerts)) />
  <Page
    defaultManagedSidebarIsOpen={true}
    getBreakpoint={[Function]}
    getVerticalBreakpoint={[Function]}
    header={<Header />}
    isBreadcrumbWidthLimited={false}
    isManagedSidebar={false}
    isNotificationDrawerExpanded={false}
    mainTabIndex={-1}
    onNotificationDrawerExpand={[Function]}
    onPageResize={[Function]}
  >
    <Background />
    <PageSection
      style={
        Object {
          "display": "flex",
          "flexDirection": "column",
          "height": "100%",
          "overflowY": "auto",
        }
      }
    >
      <Switch>
        <Route
          component={
            Object {
              "$$typeof": Symbol(react.memo),
              "WrappedComponent": [Function],
              "compare": null,
              "type": [Function],
            }
          }
          exact={true}
          path="/demo"
        />
        <Route
          component={
            Object {
              "$$typeof": Symbol(react.memo),
              "WrappedComponent": [Function],
              "compare": null,
              "type": [Function],
            }
          }
          exact={true}
          path="/"
        />
        <Route
          component={
            Object {
              "$$typeof": Symbol(react.memo),
              "WrappedComponent": [Function],
              "compare": null,
              "type": [Function],
            }
          }
          exact={true}
          path="/vehicles"
        />
        <Route
          component={
            Object {
              "$$typeof": Symbol(react.memo),
              "WrappedComponent": [Function],
              "compare": null,
              "type": [Function],
            }
          }
          exact={true}
          path="/visits"
        />
        <Route
          component={
            Object {
              "$$typeof": Symbol(react.memo),
              "WrappedComponent": [Function],
              "compare": null,
              "type": [Function],
            }
          }
          exact={true}
          path="/routes"
        />
      </Switch>
    </PageSection>
  </Page>
</React.Fragment>
`;
