// Jest Snapshot v1, https://goo.gl/fbAQLP

exports[`Connection Error Component should render correctly 1`] = `
<Modal
  actions={Array []}
  className=""
  hideTitle={false}
  isLarge={false}
  isOpen={true}
  onClose={[Function]}
  title="title"
>
  <TextContent
    className=""
  >
    <Text
      className=""
      component="h3"
    >
      <i>
        Icon
      </i>
      message
      <Text
        className=""
        component="small"
      >
        help
      </Text>
    </Text>
  </TextContent>
</Modal>
`;
