// Jest Snapshot v1, https://goo.gl/fbAQLP

exports[`Connection Error Component should render correctly 1`] = `
<Modal
  actions={Array []}
  appendTo={[Function]}
  aria-describedby=""
  aria-label="Connection error"
  aria-labelledby=""
  className=""
  hasNoBodyWrapper={false}
  isOpen={true}
  onClose={[Function]}
  ouiaSafe={true}
  showClose={false}
  title="Connection error"
  titleIconVariant="danger"
  titleLabel=""
  variant="small"
>
  <TextContent>
    <Text
      component="p"
    >
      The server is unreachable. Trying to reconnect.
    </Text>
    <ExpandableSection
      className=""
      contentId=""
      displaySize="default"
      isActive={false}
      isDetached={false}
      isIndented={false}
      isWidthLimited={false}
      onToggle={[Function]}
      toggleText="Show more"
      toggleTextCollapsed=""
      toggleTextExpanded=""
      variant="default"
    >
      <Text
        component="p"
      >
        The server is expected to be running at
         
        <a
          href=""
          rel="noopener noreferrer"
          target="_blank"
        >
          
        </a>
         
        but the connection failed.
      </Text>
      <Text
        component="p"
      >
        Please check the following possible reasons and try to resolve them:
      </Text>
      <List>
        <ListItem>
          You are offline. Check your network connection.
        </ListItem>
        <ListItem>
          The server is running on a different URL. Check if the URL is incorrect.
        </ListItem>
        <ListItem>
          The server is down. Restart the server.
        </ListItem>
      </List>
      <Text>
        The application will reconnect as soon as the server is available again.
      </Text>
    </ExpandableSection>
  </TextContent>
</Modal>
`;
