// Jest Snapshot v1, https://goo.gl/fbAQLP

exports[`Connection Error Component should render correctly 1`] = `
<Modal
  actions={Array []}
  appendTo={<body />}
  ariaDescribedById=""
  className=""
  hideTitle={false}
  isFooterLeftAligned={false}
  isLarge={false}
  isOpen={true}
  isSmall={true}
  onClose={[Function]}
  showClose={true}
  title="Oops... Connection error!"
>
  <TextContent>
    <Text
      component="h3"
    >
      <UnpluggedIcon
        color="currentColor"
        noVerticalAlign={false}
        size="sm"
        title={null}
      />
      Please check your network connection.
      <Text
        component="small"
      >
        When connection is available the application will be functional again.
      </Text>
    </Text>
  </TextContent>
</Modal>
`;
