// Jest Snapshot v1, https://goo.gl/fbAQLP

exports[`Navigation should activate a navigation link matching the current path 1`] = `
<Nav
  aria-label="Nav"
  className=""
  onSelect={[Function]}
  onToggle={[Function]}
>
  <NavList
    className=""
    variant="horizontal"
  >
    <NavItem
      className=""
      groupId={null}
      isActive={false}
      itemId="vehicles"
      key="vehicles"
      onClick={null}
      preventDefault={false}
      to=""
    >
      <Link
        to="/vehicles"
      >
        Vehicles
      </Link>
    </NavItem>
    <NavItem
      className=""
      groupId={null}
      isActive={true}
      itemId="visits"
      key="visits"
      onClick={null}
      preventDefault={false}
      to=""
    >
      <Link
        to="/visits"
      >
        Visits
      </Link>
    </NavItem>
    <NavItem
      className=""
      groupId={null}
      isActive={false}
      itemId="route"
      key="route"
      onClick={null}
      preventDefault={false}
      to=""
    >
      <Link
        to="/route"
      >
        Route
      </Link>
    </NavItem>
    <NavItem
      className=""
      groupId={null}
      isActive={false}
      itemId="demo"
      key="demo"
      onClick={null}
      preventDefault={false}
      to=""
    >
      <Link
        to="/demo"
      >
        Demo
      </Link>
    </NavItem>
  </NavList>
</Nav>
`;
