// Jest Snapshot v1, https://goo.gl/fbAQLP

exports[`Toolbar component should match snapshot 1`] = `
<Toolbar
  style={
    Object {
      "display": "none",
    }
  }
>
  <ToolbarGroup>
    <ToolbarItem>
      <Dropdown
        dropdownItems={
          Array [
            <DropdownItem>
              ACMEE Corp
            </DropdownItem>,
            <DropdownItem>
              Wayne Ent.
            </DropdownItem>,
          ]
        }
        isOpen={false}
        isPlain={true}
        onSelect={[Function]}
        position="right"
        toggle={
          <DropdownToggle
            onToggle={[Function]}
          >
            Tenant Name
          </DropdownToggle>
        }
      />
    </ToolbarItem>
  </ToolbarGroup>
  <ToolbarGroup>
    <ToolbarItem>
      <Component
        aria-label="Notifications actions"
        id="horizontal-example-uid-01"
        variant="plain"
      >
        <BellIcon
          color="currentColor"
          noVerticalAlign={false}
          size="sm"
          title={null}
        />
      </Component>
    </ToolbarItem>
    <ToolbarItem>
      <Component
        aria-label="Settings actions"
        id="horizontal-example-uid-02"
        variant="plain"
      >
        <CogIcon
          color="currentColor"
          noVerticalAlign={false}
          size="sm"
          title={null}
        />
      </Component>
    </ToolbarItem>
  </ToolbarGroup>
</Toolbar>
`;
