// Jest Snapshot v1, https://goo.gl/fbAQLP

exports[`Search box should render text input initially 1`] = `
<React.Fragment>
  <SearchInput
    aria-label="geosearch text input"
    data-cy="geosearch-text-input"
    onChange={[Function]}
    placeholder="Search to add a location..."
    style={
      Object {
        "marginBottom": 10,
      }
    }
    value=""
  />
</React.Fragment>
`;
