// Jest Snapshot v1, https://goo.gl/fbAQLP

exports[`Vehicle Component should render correctly 1`] = `
<DataListItem
  aria-labelledby="vehicle-10"
  className=""
  id=""
  isExpanded={false}
>
  <DataListItemRow>
    <DataListCell
      isFilled={true}
    >
      <span
        id="vehicle-10"
      >
        x
      </span>
    </DataListCell>
    <DataListCell
      isFilled={true}
    >
      <InputGroup>
        <Button
          data-testid="capacity-decrease-10"
          isDisabled={false}
          onClick={[Function]}
          variant="primary"
        >
          <MinusIcon
            color="currentColor"
            noVerticalAlign={false}
            size="sm"
          />
        </Button>
        <InputGroupText
          readOnly={true}
        >
          7
        </InputGroupText>
        <Button
          data-testid="capacity-increase-10"
          onClick={[Function]}
          variant="primary"
        >
          <PlusIcon
            color="currentColor"
            noVerticalAlign={false}
            size="sm"
          />
        </Button>
      </InputGroup>
    </DataListCell>
    <DataListCell
      isFilled={false}
    >
      <Button
        data-testid="remove-10"
        isDisabled={false}
        onClick={[Function]}
        type="button"
        variant="link"
      >
        <TimesIcon
          color="currentColor"
          noVerticalAlign={false}
          size="sm"
        />
      </Button>
    </DataListCell>
  </DataListItemRow>
</DataListItem>
`;
