// Jest Snapshot v1, https://goo.gl/fbAQLP

exports[`Vehicle Component should render correctly 1`] = `
<DataListItem
  aria-labelledby="vehicle-10"
  className=""
  isExpanded={false}
>
  <DataListItemRow
    className=""
  >
    <DataListCell
      alignRight={false}
      className=""
      isFilled={true}
      isIcon={false}
      width={1}
    >
      <span
        id="vehicle-10"
      >
        x
      </span>
    </DataListCell>
    <DataListCell
      alignRight={false}
      className=""
      isFilled={true}
      isIcon={false}
      width={1}
    >
      <InputGroup
        className=""
      >
        <Button
          data-test-key="capacity-decrease-10"
          isDisabled={false}
          onClick={[Function]}
          variant="primary"
        >
          <MinusIcon
            color="currentColor"
            size="sm"
            title={null}
          />
        </Button>
        <InputGroupText
          className=""
          component="span"
          readOnly={true}
        >
          7
        </InputGroupText>
        <Button
          data-test-key="capacity-increase-10"
          onClick={[Function]}
          variant="primary"
        >
          <PlusIcon
            color="currentColor"
            size="sm"
            title={null}
          />
        </Button>
      </InputGroup>
    </DataListCell>
    <DataListCell
      alignRight={false}
      className=""
      isFilled={false}
      isIcon={false}
      width={1}
    >
      <Button
        data-test-key="remove-10"
        isDisabled={false}
        onClick={[Function]}
        type="button"
        variant="link"
      >
        <TimesIcon
          color="currentColor"
          size="sm"
          title={null}
        />
      </Button>
    </DataListCell>
  </DataListItemRow>
</DataListItem>
`;
